at_bev_AT_GIS_GRID.tif
at_bev_GEOID_BESSEL_Oesterreich.tif
at_bev_GEOID_GRS80_Oesterreich.tif
at_bev_GV_Hoehengrid_plus_Geoid_V2.tif
at_bev_GV_Hoehengrid_V1.tif
at_bev_README.txt
au_ga_AGQG_20201120.tif
au_ga_AUSGeoid09_V1.01.tif
au_ga_AUSGeoid2020_20180201.tif
au_ga_AUSGeoid98.tif
au_ga_README.txt
au_icsm_A66_National_13_09_01.tif
au_icsm_GDA94_GDA2020_conformal_and_distortion.tif
au_icsm_GDA94_GDA2020_conformal_christmas_island.tif
au_icsm_GDA94_GDA2020_conformal_cocos_island.tif
au_icsm_GDA94_GDA2020_conformal.tif
au_icsm_National_84_02_07_01.tif
au_icsm_README.txt
be_ign_bd72lb72_etrs89lb08.tif
be_ign_README.txt
br_ibge_CA61_003.tif
br_ibge_CA7072_003.tif
br_ibge_README.txt
br_ibge_SAD69_003.tif
br_ibge_SAD96_003.tif
ca_nrc_ABCSRSV4.tif
ca_nrc_BC_27_05.tif
ca_nrc_BC_93_05.tif
ca_nrc_CGG2013ai08.tif
ca_nrc_CGG2013an83.tif
ca_nrc_CGG2013i08.tif
ca_nrc_CGG2013n83.tif
ca_nrc_CQ77SCRS.tif
ca_nrc_CRD27_00.tif
ca_nrc_CRD93_00.tif
ca_nrc_GS7783.tif
ca_nrc_HT2_2010v70.tif
ca_nrc_MAY76V20.tif
ca_nrc_NA27SCRS.tif
ca_nrc_NA83SCRS.tif
ca_nrc_NAD83v6VG.tif
ca_nrc_NAD83v70VG.tif
ca_nrc_NB2783v2.tif
ca_nrc_NB7783v2.tif
ca_nrc_NS778302.tif
ca_nrc_ntv1_can.tif
ca_nrc_ntv2_0.tif
ca_nrc_NVI93_05.tif
ca_nrc_ON27CSv1.tif
ca_nrc_ON76CSv1.tif
ca_nrc_ON83CSv1.tif
ca_nrc_PE7783V2.tif
ca_nrc_README.txt
ca_nrc_SK27-98.tif
ca_nrc_SK83-98.tif
ca_nrc_TO27CSv1.tif
ca_que_mern_cq77na83.tif
ca_que_mern_na27na83.tif
ca_que_mern_README.txt
ch_swisstopo_CHENyx06a.tif
ch_swisstopo_CHENyx06_ETRS.tif
ch_swisstopo_chgeo2004_ETRS89_LHN95.tif
ch_swisstopo_chgeo2004_ETRS89_LN02.tif
ch_swisstopo_README.txt
copyright_and_licenses.csv
de_adv_BETA2007.tif
de_adv_README.txt
de_geosn_NTv2_SN.tif
de_geosn_README.txt
de_lgl_bw_BWTA2017.tif
de_lgl_bw_README.txt
de_lgvl_saarland_README.txt
de_lgvl_saarland_SeTa2016.tif
DK
dk_sdfe_DK_bornholm.pol
dk_sdfe_DK_bridges.pol
dk_sdfe_DK_general.pol
dk_sdfe_DK_jutland.pol
dk_sdfe_DK_zealand.pol
dk_sdfe_dnn.tif
dk_sdfe_dvr90.tif
dk_sdfe_FO_fk89.pol
dk_sdfe_fvr09.tif
dk_sdfe_gvr2000.tif
dk_sdfe_gvr2016.tif
dk_sdfe_README.txt
es_cat_icgc_100800401.tif
es_cat_icgc_README.txt
es_ign_egm08-rednap-canarias.tif
es_ign_egm08-rednap.tif
es_ign_README.txt
es_ign_SPED2ETV2.tif
eur_nkg_nkgrf03vel_realigned.tif
eur_nkg_nkgrf17vel.tif
eur_nkg_README.txt
fi_nls_n43_n60.json
fi_nls_n60_n2000.json
fi_nls_README.txt
fi_nls_ykj_etrs35fin.json
FO
fr_ign_CGVD2013RGSPM06.tif
fr_ign_gg10_sbv2.tif
fr_ign_gg10_smv2.tif
fr_ign_ggg00_lsv2.tif
fr_ign_ggg00_mgv2.tif
fr_ign_ggg00_sbv2.tif
fr_ign_ggg00_smv2.tif
fr_ign_ggg00v2.tif
fr_ign_ggguy15.tif
fr_ign_ggker08v2.tif
fr_ign_ggm00v2.tif
fr_ign_ggm04v1.tif
fr_ign_ggpf02-Bora.tif
fr_ign_ggpf02-Huahine.tif
fr_ign_ggpf02-Maiao.tif
fr_ign_ggpf02-Maupiti.tif
fr_ign_ggpf02-Raiatea.tif
fr_ign_ggpf02-Tahaa.tif
fr_ign_ggpf02-Tupai.tif
fr_ign_ggpf05-HivaOa.tif
fr_ign_ggpf05-Nuku.tif
fr_ign_ggpf08-Fakarava.tif
fr_ign_ggpf08-Gambier.tif
fr_ign_ggpf08-Hao.tif
fr_ign_ggpf08-Mataiva.tif
fr_ign_ggpf08-Raivavae.tif
fr_ign_ggpf08-Reao.tif
fr_ign_ggpf08-Rurutu.tif
fr_ign_ggpf08-Tikehau.tif
fr_ign_ggpf08-Tubuai.tif
fr_ign_ggpf10-Moorea.tif
fr_ign_ggpf10-Tahiti.tif
fr_ign_ggspm06v1.tif
fr_ign_gr3df97a.tif
fr_ign_ntf_r93.tif
fr_ign_RAC09.tif
fr_ign_RAF09.tif
fr_ign_RAF18.tif
fr_ign_RAF18b.tif
fr_ign_RAGTBT2016.tif
fr_ign_RALD2016.tif
fr_ign_RALDW842016.tif
fr_ign_RALS2016.tif
fr_ign_RAMART2016.tif
fr_ign_RAMG2016.tif
fr_ign_RAR07_bl.tif
fr_ign_RASPM2018.tif
fr_ign_README.txt
ISL
is_lmi_Icegeoid_ISN2004.tif
is_lmi_Icegeoid_ISN2016.tif
is_lmi_Icegeoid_ISN93.tif
is_lmi_ISN2004_ISN2016.tif
is_lmi_ISN93_ISN2016.tif
is_lmi_ISN_vel_beta.tif
is_lmi_README.txt
jp_gsi_gsigeo2011.tif
jp_gsi_README.txt
mx_inegi_ggm10.tif
mx_inegi_README.txt
nc_dittt_gr3dnc01b.tif
nc_dittt_gr3dnc02b.tif
nc_dittt_gr3dnc03a.tif
nc_dittt_Ranc08_Circe.tif
nc_dittt_README.txt
NKG
nl_nsgi_naptrans2018.tif
nl_nsgi_nlgeo2018.tif
nl_nsgi_rdcorr2018.tif
nl_nsgi_rdtrans2018.tif
nl_nsgi_README.txt
no_kv_ETRS89NO_NGO48_TIN.json
no_kv_href2008a.tif
no_kv_HREF2018B_NN2000_EUREF89.tif
no_kv_NKGETRF14_EPSG7922_2000.tif
no_kv_README.txt
nz_linz_auckht1946-nzvd2016.tif
nz_linz_blufht1955-nzvd2016.tif
nz_linz_dublht1960-nzvd2016.tif
nz_linz_duneht1958-nzvd2016.tif
nz_linz_gisbht1926-nzvd2016.tif
nz_linz_lyttht1937-nzvd2016.tif
nz_linz_motuht1953-nzvd2016.tif
nz_linz_napiht1962-nzvd2016.tif
nz_linz_nelsht1955-nzvd2016.tif
nz_linz_nzgd2000-20000101.json
nz_linz_nzgd2000-20130801.json
nz_linz_nzgd2000-20140201.json
nz_linz_nzgd2000-20150101.json
nz_linz_nzgd2000-20160701.json
nz_linz_nzgd2000-20171201.json
nz_linz_nzgd2000-20180701.json
nz_linz_nzgd2000-c120100904-grid01.tif
nz_linz_nzgd2000-c220110222-grid01.tif
nz_linz_nzgd2000-c320110613-grid01.tif
nz_linz_nzgd2000-c420111223-grid01.tif
nz_linz_nzgd2000-ch20160214-grid01.tif
nz_linz_nzgd2000-cs20130721-grid01.tif
nz_linz_nzgd2000-cs20130721-grid02.tif
nz_linz_nzgd2000-ds20090715-grid011.tif
nz_linz_nzgd2000-ds20090715-grid012.tif
nz_linz_nzgd2000-ds20090715-grid013.tif
nz_linz_nzgd2000-ds20090715-grid014.tif
nz_linz_nzgd2000-gs20071016-grid01.tif
nz_linz_nzgd2000-ka20161114-grid01.tif
nz_linz_nzgd2000-ka20161114-grid02.tif
nz_linz_nzgd2000-ka20161114-grid03.tif
nz_linz_nzgd2000-ka20161114-grid04.tif
nz_linz_nzgd2000-ka20161114-grid05.tif
nz_linz_nzgd2000-ka20161114-grid06.tif
nz_linz_nzgd2000-ka20161114-grid07.tif
nz_linz_nzgd2000-ka20161114-grid08.tif
nz_linz_nzgd2000-ka20161114-grid09.tif
nz_linz_nzgd2000-ka20161114-grid10.tif
nz_linz_nzgd2000-ka20161114-grid11.tif
nz_linz_nzgd2000-ka20161114-grid12.tif
nz_linz_nzgd2000-lg20130816-grid01.tif
nz_linz_nzgd2000-lg20130816-grid02.tif
nz_linz_nzgd2000-mq20041223-grid011.tif
nz_linz_nzgd2000-mq20041223-grid012.tif
nz_linz_nzgd2000-mq20041223-grid013.tif
nz_linz_nzgd2000-mq20041223-grid014.tif
nz_linz_nzgd2000-mq20041223-grid015.tif
nz_linz_nzgd2000-mq20041223-grid016.tif
nz_linz_nzgd2000-ndm-grid01.tif
nz_linz_nzgd2000-ndm-grid02.tif
nz_linz_nzgd2000-si20030821-grid01.tif
nz_linz_nzgd2kgrid0005.tif
nz_linz_nzgeoid2009.tif
nz_linz_nzgeoid2016.tif
nz_linz_ontpht1964-nzvd2016.tif
nz_linz_README.txt
nz_linz_stisht1977-nzvd2016.tif
nz_linz_taraht1970-nzvd2016.tif
nz_linz_wellht1953-nzvd2016.tif
pl_gugik_geoid2011-PL-EVRF2007-NH.tif
pl_gugik_geoid2011-PL-KRON86-NH.tif
pl_gugik_README.txt
pt_dgt_D73_ETRS89_geo.tif
pt_dgt_DLx_ETRS89_geo.tif
pt_dgt_README.txt
README.DATA
se_lantmateriet_README.txt
se_lantmateriet_SWEN17_RH2000.tif
sk_gku_JTSK03_to_JTSK.tif
sk_gku_README.txt
sk_gku_Slovakia_ETRS89h_to_Baltic1957.tif
sk_gku_Slovakia_ETRS89h_to_EVRF2007.tif
uk_os_OSGM15_Belfast.tif
uk_os_OSGM15_GB.tif
uk_os_OSGM15_Malin.tif
uk_os_OSTN15_NTv2_OSGBtoETRS.tif
uk_os_README.txt
us_nga_egm08_25.tif
us_nga_egm96_15.tif
us_nga_README.txt
us_noaa_alaska.tif
us_noaa_alhpgn.tif
us_noaa_arhpgn.tif
us_noaa_azhpgn.tif
us_noaa_c1hpgn.tif
us_noaa_c2hpgn.tif
us_noaa_cnhpgn.tif
us_noaa_cohpgn.tif
us_noaa_conus.tif
us_noaa_cshpgn.tif
us_noaa_emhpgn.tif
us_noaa_eshpgn.tif
us_noaa_ethpgn.tif
us_noaa_flhpgn.tif
us_noaa_FL.tif
us_noaa_g1999a01.tif
us_noaa_g1999a02.tif
us_noaa_g1999a03.tif
us_noaa_g1999a04.tif
us_noaa_g1999h01.tif
us_noaa_g1999p01.tif
us_noaa_g1999u01.tif
us_noaa_g1999u02.tif
us_noaa_g1999u03.tif
us_noaa_g1999u04.tif
us_noaa_g1999u05.tif
us_noaa_g1999u06.tif
us_noaa_g1999u07.tif
us_noaa_g1999u08.tif
us_noaa_g2003a01.tif
us_noaa_g2003a02.tif
us_noaa_g2003a03.tif
us_noaa_g2003a04.tif
us_noaa_g2003h01.tif
us_noaa_g2003p01.tif
us_noaa_g2009g01.tif
us_noaa_g2009h01.tif
us_noaa_g2009p01.tif
us_noaa_g2009s01.tif
us_noaa_g2012ba0.tif
us_noaa_g2012bg0.tif
us_noaa_g2012bh0.tif
us_noaa_g2012bp0.tif
us_noaa_g2012bs0.tif
us_noaa_g2012bu0.tif
us_noaa_g2018p0.tif
us_noaa_g2018u0.tif
us_noaa_gahpgn.tif
us_noaa_geoid03_conus.tif
us_noaa_geoid06_ak.tif
us_noaa_geoid09_ak.tif
us_noaa_geoid09_conus.tif
us_noaa_guhpgn.tif
us_noaa_hawaii.tif
us_noaa_hihpgn.tif
us_noaa_iahpgn.tif
us_noaa_ilhpgn.tif
us_noaa_inhpgn.tif
us_noaa_kshpgn.tif
us_noaa_kyhpgn.tif
us_noaa_lahpgn.tif
us_noaa_mdhpgn.tif
us_noaa_MD.tif
us_noaa_mehpgn.tif
us_noaa_mihpgn.tif
us_noaa_mnhpgn.tif
us_noaa_mohpgn.tif
us_noaa_mshpgn.tif
us_noaa_nbhpgn.tif
us_noaa_nchpgn.tif
us_noaa_ndhpgn.tif
us_noaa_nehpgn.tif
us_noaa_njhpgn.tif
us_noaa_nmhpgn.tif
us_noaa_nvhpgn.tif
us_noaa_nyhpgn.tif
us_noaa_ohhpgn.tif
us_noaa_okhpgn.tif
us_noaa_pahpgn.tif
us_noaa_prvi.tif
us_noaa_pvhpgn.tif
us_noaa_README.txt
us_noaa_schpgn.tif
us_noaa_sdhpgn.tif
us_noaa_stgeorge.tif
us_noaa_stlrnc.tif
us_noaa_stpaul.tif
us_noaa_tnhpgn.tif
us_noaa_TN.tif
us_noaa_uthpgn.tif
us_noaa_vahpgn.tif
us_noaa_vertconc.tif
us_noaa_vertcone.tif
us_noaa_vertconw.tif
us_noaa_wihpgn.tif
us_noaa_WI.tif
us_noaa_wmhpgn.tif
us_noaa_wohpgn.tif
us_noaa_WO.tif
us_noaa_wshpgn.tif
us_noaa_wthpgn.tif
us_noaa_wvhpgn.tif
us_noaa_wyhpgn.tif
za_cdngi_README.txt
za_cdngi_sageoid2010.tif
