100800401.tif
A66_National_13_09_01.tif
ABCSRSV4.tif
alaska.tif
alhpgn.tif
arhpgn.tif
AT_GIS_GRID.tif
AUSGeoid09_V1.01.tif
AUSGeoid2020_20180201.tif
AUSGeoid98.tif
azhpgn.tif
BC_27_05.tif
BC_93_05.tif
bd72lb72_etrs89lb08.tif
BETA2007.tif
BWTA2017.tif
c1hpgn.tif
c2hpgn.tif
CGG2013ai08.tif
CGG2013an83.tif
CGG2013i08.tif
CGG2013n83.tif
CGVD2013RGSPM06.tif
CHENyx06a.tif
CHENyx06_ETRS.tif
cnhpgn.tif
cohpgn.tif
conus.tif
CQ77SCRS.tif
CRD27_00.tif
CRD93_00.tif
D73_ETRS89_geo.tif
DK
DK_bornholm.pol
DK_bridges.pol
DK_general.pol
DK_jutland.pol
DK_zealand.pol
DLx_ETRS89_geo.tif
dnn.tif
dvr90.tif
egm08_25.tif
egm96_15.tif
emhpgn.tif
ethpgn.tif
flhpgn.tif
FL.tif
FO
FO_fk89.pol
fvr09.tif
g1999a01.tif
g1999a02.tif
g1999a03.tif
g1999a04.tif
g1999h01.tif
g1999p01.tif
g1999u01.tif
g1999u02.tif
g1999u03.tif
g1999u04.tif
g1999u05.tif
g1999u06.tif
g1999u07.tif
g1999u08.tif
g2003a01.tif
g2003a02.tif
g2003a03.tif
g2003a04.tif
g2003h01.tif
g2003p01.tif
g2009g01.tif
g2009h01.tif
g2009p01.tif
g2009s01.tif
g2012ba0.tif
g2012bg0.tif
g2012bh0.tif
g2012bp0.tif
g2012bs0.tif
g2012bu0.tif
g2018p0.tif
g2018u0.tif
gahpgn.tif
GDA94_GDA2020_conformal_and_distortion.tif
GDA94_GDA2020_conformal_christmas_island.tif
GDA94_GDA2020_conformal_cocos_island.tif
GDA94_GDA2020_conformal.tif
geoid03_conus.tif
geoid06_ak.tif
geoid09_ak.tif
geoid09_conus.tif
gg10_sbv2.tif
gg10_smv2.tif
ggg00_lsv2.tif
ggg00_mgv2.tif
ggg00_sbv2.tif
ggg00_smv2.tif
ggg00v2.tif
ggguy15.tif
ggker08v2.tif
ggm00v2.tif
ggm04v1.tif
ggpf02-Bora.tif
ggpf02-Huahine.tif
ggpf02-Maiao.tif
ggpf02-Maupiti.tif
ggpf02-Raiatea.tif
ggpf02-Tahaa.tif
ggpf02-Tupai.tif
ggpf05-HivaOa.tif
ggpf05-Nuku.tif
ggpf08-Fakarava.tif
ggpf08-Gambier.tif
ggpf08-Hao.tif
ggpf08-Mataiva.tif
ggpf08-Raivavae.tif
ggpf08-Reao.tif
ggpf08-Rurutu.tif
ggpf08-Tikehau.tif
ggpf08-Tubuai.tif
ggpf10-Moorea.tif
ggpf10-Tahiti.tif
ggspm06v1.tif
gr3df97a.tif
GS7783.tif
guhpgn.tif
gvr2000.tif
gvr2016.tif
hawaii.tif
hihpgn.tif
HT2_2010v70.tif
iahpgn.tif
Icegeoid_ISN2004.tif
Icegeoid_ISN2016.tif
Icegeoid_ISN93.tif
ilhpgn.tif
inhpgn.tif
ISL
ISN2004_ISN2016.tif
ISN93_ISN2016.tif
kyhpgn.tif
lahpgn.tif
mdhpgn.tif
MD.tif
mehpgn.tif
mihpgn.tif
mnhpgn.tif
mohpgn.tif
NA27SCRS.tif
NA83SCRS.tif
National_84_02_07_01.tif
NB2783v2.tif
NB7783v2.tif
nbhpgn.tif
nchpgn.tif
ndhpgn.tif
nehpgn.tif
njhpgn.tif
NKG
nmhpgn.tif
NS778302.tif
ntf_r93.tif
ntv1_can.tif
ntv2_0.tif
NTv2_SN.tif
nvhpgn.tif
NVI93_05.tif
nyhpgn.tif
nzgd2kgrid0005.tif
ohhpgn.tif
okhpgn.tif
ON27CSv1.tif
ON76CSv1.tif
ON83CSv1.tif
OSGM15_Belfast.tif
OSGM15_Malin.tif
OSTN15_NTv2_OSGBtoETRS.tif
pahpgn.tif
PE7783V2.tif
prvi.tif
pvhpgn.tif
RAC09.tif
RAF09.tif
RAF18.tif
RAGTBT2016.tif
RALD2016.tif
RALDW842016.tif
RALS2016.tif
RAMART2016.tif
RAMG2016.tif
RAR07_bl.tif
RASPM2018.tif
README.at_bev
README.au_ga
README.au_icsm
README.be_ign
README.ca_nrc
README.ch_swisstopo
README.DATUMGRID
README.de_bkg
README.de_geosn
README.de_lgl_bw
README.de_lgvl_saarland
README.dk_sdfe
README.es_cat_icgc
README.fr_ign
README.is_lmi
README.nz_linz
README.pt_dgt
README.se_lantmateriet
README.uk_os
README.us_nga
README.us_noaa
README.us_usgs
schpgn.tif
sdhpgn.tif
SeTa2016.tif
SK27-98.tif
SK83-98.tif
stgeorge.tif
stlrnc.tif
stpaul.tif
SWEN17_RH2000.tif
tnhpgn.tif
TN.tif
TO27CSv1.tif
uthpgn.tif
vahpgn.tif
vertconc.tif
vertcone.tif
vertconw.tif
wihpgn.tif
WI.tif
wmhpgn.tif
wohpgn.tif
WO.tif
wthpgn.tif
wvhpgn.tif
wyhpgn.tif
